../Core/Src/main.c:38:5:_write	24	static
../Core/Src/main.c:46:5:main	8	static
../Core/Src/main.c:79:6:transmitBMSCommand	8	static
../Core/Src/main.c:88:6:transmitDataOverUSART1	24	static
../Core/Src/main.c:148:6:transmitDataOverCAN	32	static
../Core/Src/main.c:220:6:HAL_UART_RxCpltCallback	16	static
../Core/Src/main.c:228:6:CheckForTimeout	8	static
../Core/Src/main.c:239:6:FDCAN1_FilterConfig	32	static
../Core/Src/main.c:257:6:SystemClock_Config	96	static
../Core/Src/main.c:298:13:MX_FDCAN1_Init	8	static
../Core/Src/main.c:345:13:MX_USART1_UART_Init	8	static
../Core/Src/main.c:393:13:MX_USART2_UART_Init	8	static
../Core/Src/main.c:439:13:MX_DMA_Init	16	static
../Core/Src/main.c:463:13:MX_GPIO_Init	56	static
../Core/Src/main.c:497:6:Error_Handler	8	static,ignoring_inline_asm
