../Core/Src/stm32g0xx_it.c:73:6:NMI_Handler	8	static
../Core/Src/stm32g0xx_it.c:88:6:HardFault_Handler	8	static
../Core/Src/stm32g0xx_it.c:103:6:SVC_Handler	8	static
../Core/Src/stm32g0xx_it.c:116:6:PendSV_Handler	8	static
../Core/Src/stm32g0xx_it.c:129:6:SysTick_Handler	8	static
../Core/Src/stm32g0xx_it.c:150:6:DMA1_Channel1_IRQHandler	8	static
../Core/Src/stm32g0xx_it.c:164:6:DMA1_Channel2_3_IRQHandler	8	static
../Core/Src/stm32g0xx_it.c:178:6:DMA1_Ch4_7_DMA2_Ch1_5_DMAMUX1_OVR_IRQHandler	8	static
../Core/Src/stm32g0xx_it.c:194:6:TIM16_FDCAN_IT0_IRQHandler	8	static
../Core/Src/stm32g0xx_it.c:208:6:TIM17_FDCAN_IT1_IRQHandler	8	static
../Core/Src/stm32g0xx_it.c:222:6:USART1_IRQHandler	8	static
../Core/Src/stm32g0xx_it.c:236:6:USART2_LPUART2_IRQHandler	8	static
